<html>
<body>
<pre>
<h1>µVision Build Log</h1>
<h2>Project:</h2>
F:\stm32\TrackLock\Project\test.uvproj
Project File Date:  03/12/2020

<h2>Output:</h2>
Rebuild target 'test'
compiling core_cm3.c...
compiling system_stm32f10x.c...
compiling bsp_led.c...
compiling key1.c...
compiling bsp_usart.c...
compiling rx_data_queue.c...
compiling BC35.c...
compiling gnss_usart2.c...
compiling bc35_usart3.c...
compiling bc35_queue.c...
compiling un_lock.c...
compiling misc.c...
compiling stm32f10x_adc.c...
compiling stm32f10x_bkp.c...
compiling stm32f10x_can.c...
compiling stm32f10x_cec.c...
compiling stm32f10x_crc.c...
compiling stm32f10x_dac.c...
compiling stm32f10x_dbgmcu.c...
compiling stm32f10x_dma.c...
compiling stm32f10x_exti.c...
compiling stm32f10x_flash.c...
compiling stm32f10x_fsmc.c...
compiling stm32f10x_gpio.c...
compiling stm32f10x_i2c.c...
compiling stm32f10x_iwdg.c...
compiling stm32f10x_pwr.c...
compiling stm32f10x_rcc.c...
compiling stm32f10x_rtc.c...
compiling stm32f10x_sdio.c...
compiling stm32f10x_spi.c...
compiling stm32f10x_tim.c...
compiling stm32f10x_usart.c...
compiling stm32f10x_wwdg.c...
assembling startup_stm32f10x_md.s...
compiling delay.c...
compiling sys.c...
compiling TiMbase.c...
compiling scheduler.c...
compiling utils.c...
compiling adc.c...
compiling main.c...
compiling stm32f10x_it.c...
linking...
Program Size: Code=19460 RO-data=336 RW-data=96 ZI-data=6360  
FromELF: creating hex file...
"..\Output\test.axf" - 0 Error(s), 0 Warning(s).
